{
  "version": "1.5.0",
  "plugins_used": [
    {
      "name": "ArtifactoryDetector"
    },
    {
      "name": "AWSKeyDetector"
    },
    {
      "name": "AzureStorageKeyDetector"
    },
    {
      "name": "Base64HighEntropyString",
      "limit": 4.5
    },
    {
      "name": "BasicAuthDetector"
    },
    {
      "name": "CloudantDetector"
    },
    {
      "name": "DiscordBotTokenDetector"
    },
    {
      "name": "GitHubTokenDetector"
    },
    {
      "name": "GitLabTokenDetector"
    },
    {
      "name": "HexHighEntropyString",
      "limit": 3.0
    },
    {
      "name": "IbmCloudIamDetector"
    },
    {
      "name": "IbmCosHmacDetector"
    },
    {
      "name": "IPPublicDetector"
    },
    {
      "name": "JwtTokenDetector"
    },
    {
      "name": "KeywordDetector",
      "keyword_exclude": ""
    },
    {
      "name": "MailchimpDetector"
    },
    {
      "name": "NpmDetector"
    },
    {
      "name": "OpenAIDetector"
    },
    {
      "name": "PrivateKeyDetector"
    },
    {
      "name": "PypiTokenDetector"
    },
    {
      "name": "SendGridDetector"
    },
    {
      "name": "SlackDetector"
    },
    {
      "name": "SoftlayerDetector"
    },
    {
      "name": "SquareOAuthDetector"
    },
    {
      "name": "StripeDetector"
    },
    {
      "name": "TelegramBotTokenDetector"
    },
    {
      "name": "TwilioKeyDetector"
    }
  ],
  "filters_used": [
    {
      "path": "detect_secrets.filters.allowlist.is_line_allowlisted"
    },
    {
      "path": "detect_secrets.filters.common.is_baseline_file",
      "filename": ".secrets.baseline"
    },
    {
      "path": "detect_secrets.filters.common.is_ignored_due_to_verification_policies",
      "min_level": 2
    },
    {
      "path": "detect_secrets.filters.heuristic.is_indirect_reference"
    },
    {
      "path": "detect_secrets.filters.heuristic.is_likely_id_string"
    },
    {
      "path": "detect_secrets.filters.heuristic.is_lock_file"
    },
    {
      "path": "detect_secrets.filters.heuristic.is_not_alphanumeric_string"
    },
    {
      "path": "detect_secrets.filters.heuristic.is_potential_uuid"
    },
    {
      "path": "detect_secrets.filters.heuristic.is_prefixed_with_dollar_sign"
    },
    {
      "path": "detect_secrets.filters.heuristic.is_sequential_string"
    },
    {
      "path": "detect_secrets.filters.heuristic.is_swagger_file"
    },
    {
      "path": "detect_secrets.filters.heuristic.is_templated_secret"
    }
  ],
  "results": {
    ".github/workflows/validate.yaml": [
      {
        "type": "Secret Keyword",
        "filename": ".github/workflows/validate.yaml",
        "hashed_secret": "0193df117ae5677464b639e6b6c60bedc688dbcb",
        "is_verified": false,
        "line_number": 29,
        "is_secret": false
      }
    ],
    "docs/features-deep-dive.md": [
      {
        "type": "Secret Keyword",
        "filename": "docs/features-deep-dive.md",
        "hashed_secret": "1e34d8d92414cab045bff97237671e7e43a28f5b",
        "is_verified": false,
        "line_number": 41,
        "is_secret": false
      }
    ],
    "platform/monitoring/templates/secret-loki-s3.yaml": [
      {
        "type": "Secret Keyword",
        "filename": "platform/monitoring/templates/secret-loki-s3.yaml",
        "hashed_secret": "de5068b78c0cbdd88c750ee40feeaae1b465a517",
        "is_verified": false,
        "line_number": 20,
        "is_secret": false
      },
      {
        "type": "Secret Keyword",
        "filename": "platform/monitoring/templates/secret-loki-s3.yaml",
        "hashed_secret": "8956265d216d474a080edaa97880d37fc1386f33",
        "is_verified": false,
        "line_number": 28,
        "is_secret": false
      }
    ],
    "platform/monitoring/templates/secret-monitor.yaml": [
      {
        "type": "Secret Keyword",
        "filename": "platform/monitoring/templates/secret-monitor.yaml",
        "hashed_secret": "fc4b79ff2005c1bfacead828184f0c8aad8fd860",
        "is_verified": false,
        "line_number": 20,
        "is_secret": false
      },
      {
        "type": "Secret Keyword",
        "filename": "platform/monitoring/templates/secret-monitor.yaml",
        "hashed_secret": "55d10e37631a106af82c4ff6e466588fa58bf59b",
        "is_verified": false,
        "line_number": 28,
        "is_secret": false
      }
    ],
    "platform/monitoring/values.yaml": [
      {
        "type": "Secret Keyword",
        "filename": "platform/monitoring/values.yaml",
        "hashed_secret": "f731650646311c689924ffd0726e8544b1e18d20",
        "is_verified": false,
        "line_number": 140,
        "is_secret": false
      },
      {
        "type": "Secret Keyword",
        "filename": "platform/monitoring/values.yaml",
        "hashed_secret": "fc4b79ff2005c1bfacead828184f0c8aad8fd860",
        "is_verified": false,
        "line_number": 142,
        "is_secret": false
      }
    ],
    "platform/seaweedfs/templates/external-secret.yaml": [
      {
        "type": "Secret Keyword",
        "filename": "platform/seaweedfs/templates/external-secret.yaml",
        "hashed_secret": "a9e15f8b41c9e9df4d0a87db710467e8e3809525",
        "is_verified": false,
        "line_number": 20,
        "is_secret": false
      },
      {
        "type": "Secret Keyword",
        "filename": "platform/seaweedfs/templates/external-secret.yaml",
        "hashed_secret": "a613808ccbd6388b54916685220690e9d3d57258",
        "is_verified": false,
        "line_number": 52,
        "is_secret": false
      },
      {
        "type": "Secret Keyword",
        "filename": "platform/seaweedfs/templates/external-secret.yaml",
        "hashed_secret": "a2ef97dc5d71f36503ccce3a1764fbd2c0268144",
        "is_verified": false,
        "line_number": 60,
        "is_secret": false
      }
    ],
    "platform/seaweedfs/values.yaml": [
      {
        "type": "Secret Keyword",
        "filename": "platform/seaweedfs/values.yaml",
        "hashed_secret": "65ae6765211edb8d171ce1669e5cb1a12c9a77e4",
        "is_verified": false,
        "line_number": 65,
        "is_secret": false
      },
      {
        "type": "Secret Keyword",
        "filename": "platform/seaweedfs/values.yaml",
        "hashed_secret": "8d90ce804adcb756489e214f712cf1562bb07a8e",
        "is_verified": false,
        "line_number": 91,
        "is_secret": false
      }
    ],
    "platform/vault/templates/certificates.yaml": [
      {
        "type": "Secret Keyword",
        "filename": "platform/vault/templates/certificates.yaml",
        "hashed_secret": "d8e2c18539191f06ddb4524a500ce52944b6ad8f",
        "is_verified": false,
        "line_number": 17,
        "is_secret": false
      }
    ],
    "platform/vault/templates/unseal/deployment-autounseal.yaml": [
      {
        "type": "Secret Keyword",
        "filename": "platform/vault/templates/unseal/deployment-autounseal.yaml",
        "hashed_secret": "d8e2c18539191f06ddb4524a500ce52944b6ad8f",
        "is_verified": false,
        "line_number": 128,
        "is_secret": false
      }
    ],
    "platform/vault/values.yaml": [
      {
        "type": "Secret Keyword",
        "filename": "platform/vault/values.yaml",
        "hashed_secret": "d8e2c18539191f06ddb4524a500ce52944b6ad8f",
        "is_verified": false,
        "line_number": 140,
        "is_secret": false
      }
    ],
    "platform/velero/templates/job-bucket-init.yaml": [
      {
        "type": "Secret Keyword",
        "filename": "platform/velero/templates/job-bucket-init.yaml",
        "hashed_secret": "0fb03370e6a0c160e46f4d9204f30ef8460ff590",
        "is_verified": false,
        "line_number": 125,
        "is_secret": false
      }
    ],
    "platform/velero/values.yaml": [
      {
        "type": "Secret Keyword",
        "filename": "platform/velero/values.yaml",
        "hashed_secret": "0fb03370e6a0c160e46f4d9204f30ef8460ff590",
        "is_verified": false,
        "line_number": 78,
        "is_secret": false
      }
    ]
  },
  "generated_at": "2026-09-16T21:39:51Z"
}
